Compiling 77 files (.ex)
mix.bat :      warning: variable "nodes" is unused (if the variable is not meant to be used, prefix 
it with an underscore)
At C:\ProgramData\chocolatey\lib\Elixir\tools\bin\mix.ps1:27 char:1
+ & $mixBatPath $newArgs
+ ~~~~~~~~~~~~~~~~~~~~~~
    + CategoryInfo          : NotSpecified: (     warning: v... an underscore):String) [], 
RemoteExcept    ion
    + FullyQualifiedErrorId : NativeCommandError
 
     Ôöé
 386 Ôöé     nodes = []
     Ôöé     ~~~~~
     Ôöé
     ÔööÔöÇ lib/friends_web/live/home_live/graph_helper.ex:386:5: 
FriendsWeb.HomeLive.GraphHelper.build_chord_data/1

     warning: clauses with the same name and arity (number of arguments) should be grouped together, 
"defp get_friendships_between/1" was previously defined 
(lib/friends_web/live/home_live/graph_helper.ex:184)
     Ôöé
 563 Ôöé   defp get_friendships_between([]), do: []
     Ôöé        ~
     Ôöé
     ÔööÔöÇ lib/friends_web/live/home_live/graph_helper.ex:563:8

     warning: this clause for get_friendships_between/1 cannot match because a previous clause at 
line 185 always matches
     Ôöé
 563 Ôöé   defp get_friendships_between([]), do: []
     Ôöé        ~
     Ôöé
     ÔööÔöÇ lib/friends_web/live/home_live/graph_helper.ex:563:8

     warning: this clause for get_friendships_between/1 cannot match because a previous clause at 
line 185 always matches
     Ôöé
 564 Ôöé   defp get_friendships_between([_]), do: []
     Ôöé        ~
     Ôöé
     ÔööÔöÇ lib/friends_web/live/home_live/graph_helper.ex:564:8

     warning: this clause for get_friendships_between/1 cannot match because a previous clause at 
line 185 always matches
     Ôöé
 565 Ôöé   defp get_friendships_between(user_ids) do
     Ôöé        ~
     Ôöé
     ÔööÔöÇ lib/friends_web/live/home_live/graph_helper.ex:565:8

warning: you are accessing the variable "text" inside a LiveView template.

Using variables in HEEx templates are discouraged as they disable change tracking. You are only 
allowed to access variables defined by Elixir control-flow structures, such as if/case/for, or those 
defined by the special attributes :let/:if/:for. If you are shadowing a variable defined outside of 
the template using a control-flow structure, you must choose a unique variable name within the 
template.

Instead of:

    def add(assigns) do
      result = assigns.a + assigns.b
      ~H"the result is: {result}"
    end

You must do:

    def add(assigns) do
      assigns = assign(assigns, :result, assigns.a + assigns.b)
      ~H"the result is: {@result}"
    end

  lib/friends_web/live/home_live/components/fluid_room_components.ex:1503: 
FriendsWeb.HomeLive.Components.FluidRoomComponents.message_timestamp/1

    warning: unused alias Social
    Ôöé
 10 Ôöé   alias Friends.Social
    Ôöé   ~
    Ôöé
    ÔööÔöÇ lib/friends_web/live/pair_live.ex:10:3

    warning: variable "trusted_count" is unused (if the variable is not meant to be used, prefix it 
with an underscore)
    Ôöé
 95 Ôöé               <% trusted_count = length(@trusted_friend_ids || []) %>
    Ôöé                  ~
    Ôöé
    ÔööÔöÇ lib/friends_web/live/home_live/components/fluid_contact_components.ex:95:18: 
FriendsWeb.HomeLive.Components.FluidContactComponents.contact_search_sheet/1

    warning: unused import FriendsWeb.HomeLive.Helpers
    Ôöé
  7 Ôöé   import FriendsWeb.HomeLive.Helpers
    Ôöé   ~
    Ôöé
    ÔööÔöÇ lib/friends_web/live/home_live/components/fluid_feed_components.ex:7:3

     warning: clauses with the same name and arity (number of arguments) should be grouped together, 
"def handle_event/3" was previously defined (lib/friends_web/live/home_live.ex:42)
     Ôöé
 191 Ôöé   def handle_event("validate_avatar", _params, socket) do
     Ôöé       ~
     Ôöé
     ÔööÔöÇ lib/friends_web/live/home_live.ex:191:7

      warning: clauses with the same name and arity (number of arguments) should be grouped together, 
"def handle_event/3" was previously defined (lib/friends_web/live/home_live.ex:42)
      Ôöé
 1035 Ôöé   def handle_event("close_groups_sheet", _params, socket) do
      Ôöé       ~
      Ôöé
      ÔööÔöÇ lib/friends_web/live/home_live.ex:1035:7

      warning: clauses with the same name and arity (number of arguments) should be grouped together, 
"def handle_avatar_progress/3" was previously defined (lib/friends_web/live/home_live.ex:157)
      Ôöé
 1634 Ôöé   def handle_avatar_progress(:avatar, entry, socket) do
      Ôöé       ~
      Ôöé
      ÔööÔöÇ lib/friends_web/live/home_live.ex:1634:7

      warning: clauses with the same name and arity (number of arguments) should be grouped together, 
"def handle_info/2" was previously defined (lib/friends_web/live/home_live.ex:1606)
      Ôöé
 1668 Ôöé   def handle_info(
      Ôöé       ~
      Ôöé
      ÔööÔöÇ lib/friends_web/live/home_live.ex:1668:7

      warning: this clause cannot match because a previous clause at line 157 matches the same 
pattern as this clause
      Ôöé
 1634 Ôöé   def handle_avatar_progress(:avatar, entry, socket) do
      Ôöé       ~
      Ôöé
      ÔööÔöÇ lib/friends_web/live/home_live.ex:1634:7

Generated friends app
